Looking for fully enriched properties...

Found 5 properties with taxHistory.
--- Valid IDs ---
ID: cmm4buv2f003s42eb1d1tc0ex
ID: cmm4buvm0003y42ebwgvq3c1j
ID: cmm4buwnz004a42eb6sl9vu1j
